INFO [cli] args: Args {
    work_dir: None,
    input: "/Users/idhyt/Downloads/imgs/弃用.png",
    output: Some(
        "./tests_output",
    ),
    config: None,
    logfile: Some(
        "./tests/test.log",
    ),
    test: false,
}
DEBUG [cli::splits] config: Config {
    dup_max: 999,
    stripes: [
        Stripe {
            name: "] Date/Time = ",
            regex: "Date/Time = (.*)",
            strptimes: [
                Strptime {
                    fmt: "%Y:%m:%d %H:%M:%S %:z",
                    test: "2017:08:16 12:18:36 +08:00",
                },
            ],
        },
        Stripe {
            name: "] Date/Time Original = ",
            regex: "Date/Time Original = (.*)",
            strptimes: [
                Strptime {
                    fmt: "%Y:%m:%d %H:%M:%S",
                    test: "2002:07:13 15:58:28",
                },
                Strptime {
                    fmt: "%Y:%m:%d %H:%M:%S.%f %Z",
                    test: "2019:05:23 06:10:21.000 UTC",
                },
            ],
        },
    ],
    blacklist: [
        ":  :     :  :",
    ],
    additionals: [
        Stripe {
            name: "filename",
            regex: "(\\d{4}-\\d{2}-\\d{2}_\\d{2}-\\d{2}-\\d{2})_.*",
            strptimes: [
                Strptime {
                    fmt: "%Y-%m-%d_%H-%M-%S",
                    test: "2018-05-02_13-13-39_dcf485515fb4c7611a704ff7f745abd3.jpg",
                },
            ],
        },
    ],
}
DEBUG [cli::splits] start process /Users/idhyt/Downloads/imgs/弃用.png
DEBUG [extractor::parser] [File] File Modified Date = Wed Sep 07 14:22:01 +08:00 2022
DEBUG [extractor::parser] [File] File Size = 3700 bytes
DEBUG [extractor::parser] [PNG-IHDR] Image Height = 225
DEBUG [extractor::parser] [PNG-PLTE] Palette Size = 64
DEBUG [extractor::parser] Processed 0.004 MB file in 10.64 ms
DEBUG [extractor::parser] [PNG-IHDR] Filter Method = Adaptive
DEBUG [extractor::parser] [PNG-IHDR] Bits Per Sample = 8
DEBUG [extractor::parser] [File Type] Detected File Type Name = PNG
DEBUG [extractor::parser] [File Type] Detected File Type Long Name = Portable Network Graphics
DEBUG [extractor::parser] [PNG-IHDR] Color Type = Indexed Color
DEBUG [extractor::parser] [PNG-IHDR] Interlace Method = No Interlace
DEBUG [extractor::parser] [PNG-IHDR] Image Width = 225
DEBUG [extractor::parser] [File Type] Expected File Name Extension = png
INFO [extractor::parser] [+] extractor png from file metadata file type.
DEBUG [extractor::parser] 
DEBUG [extractor::parser] [PNG-IHDR] Compression Type = Deflate
DEBUG [extractor::parser] [File] File Name = 弃用.png
DEBUG [extractor::parser] [File Type] Detected MIME Type = image/png
INFO [extractor::parser] [+] extractor 2022:09:07 06:21:47, 1662531707 from file attributes.
INFO [extractor::parser] [+] minimum datetime 2022:09:07 06:21:47, 1662531707 found in /Users/idhyt/Downloads/imgs/弃用.png
DEBUG [cli::splits] file metadata: FileMeta {
    file_path: "/Users/idhyt/Downloads/imgs/弃用.png",
    suffix: "png",
    datetime: FileDateTime {
        year: 2022,
        month: 9,
        day: 7,
        hour: 6,
        minute: 21,
        second: 47,
        timestamp: 1662531707,
    },
}
INFO [cli::splits] [Success] copy /Users/idhyt/Downloads/imgs/弃用.png to ./tests_output/2022/2022-09-07-06-21-47.png
INFO [cli] splits process finished
